$ cargo build --release --manifest-path D:\GithubRepositories\Flutter\liber-19\tool\text_engine_prototype\rust_bench\Cargo.toml
exit=0 wall=0.27s
stderr:     Finished `release` profile [optimized] target(s) in 0.12s

$ D:\GithubRepositories\Flutter\liber-19\tool\text_engine_prototype\rust_bench\target\release\rust_bench.exe index D:\liber-probe\text-engine\bench\rust-rust-bench-index-500mb-utf8-1.params.json D:\liber-probe\text-engine\bench\rust-rust-bench-index-500mb-utf8-1.json
exit=0 wall=0.65s
{"phase":"rust-bench-index","encoding":"UTF-8","bytes":524290200,"code_units":176232000,"anchors":15964,"chapters":0,"elapsed_micros":603274,"baseline_rss_bytes":4059136,"peak_rss_bytes":6995968,"platform":"windows"}

$ D:\GithubRepositories\Flutter\liber-19\tool\text_engine_prototype\rust_bench\target\release\rust_bench.exe index D:\liber-probe\text-engine\bench\rust-rust-bench-index-500mb-utf8-2.params.json D:\liber-probe\text-engine\bench\rust-rust-bench-index-500mb-utf8-2.json
exit=0 wall=0.65s
{"phase":"rust-bench-index","encoding":"UTF-8","bytes":524290200,"code_units":176232000,"anchors":15964,"chapters":0,"elapsed_micros":608814,"baseline_rss_bytes":4059136,"peak_rss_bytes":6901760,"platform":"windows"}

$ D:\GithubRepositories\Flutter\liber-19\tool\text_engine_prototype\rust_bench\target\release\rust_bench.exe index D:\liber-probe\text-engine\bench\rust-rust-bench-index-500mb-utf8-3.params.json D:\liber-probe\text-engine\bench\rust-rust-bench-index-500mb-utf8-3.json
exit=0 wall=0.66s
{"phase":"rust-bench-index","encoding":"UTF-8","bytes":524290200,"code_units":176232000,"anchors":15964,"chapters":0,"elapsed_micros":616963,"baseline_rss_bytes":3325952,"peak_rss_bytes":5935104,"platform":"windows"}

$ D:\GithubRepositories\Flutter\liber-19\tool\text_engine_prototype\rust_bench\target\release\rust_bench.exe index D:\liber-probe\text-engine\bench\rust-rust-bench-index-20mb-gbk-1.params.json D:\liber-probe\text-engine\bench\rust-rust-bench-index-20mb-gbk-1.json
exit=0 wall=0.44s
{"phase":"rust-bench-index","encoding":"GBK","bytes":21225732,"code_units":10711920,"anchors":641,"chapters":0,"elapsed_micros":384857,"baseline_rss_bytes":4063232,"peak_rss_bytes":7053312,"platform":"windows"}

$ D:\GithubRepositories\Flutter\liber-19\tool\text_engine_prototype\rust_bench\target\release\rust_bench.exe index D:\liber-probe\text-engine\bench\rust-rust-bench-index-20mb-gbk-2.params.json D:\liber-probe\text-engine\bench\rust-rust-bench-index-20mb-gbk-2.json
exit=0 wall=0.42s
{"phase":"rust-bench-index","encoding":"GBK","bytes":21225732,"code_units":10711920,"anchors":641,"chapters":0,"elapsed_micros":383584,"baseline_rss_bytes":4055040,"peak_rss_bytes":7106560,"platform":"windows"}

$ D:\GithubRepositories\Flutter\liber-19\tool\text_engine_prototype\rust_bench\target\release\rust_bench.exe index D:\liber-probe\text-engine\bench\rust-rust-bench-index-20mb-gbk-3.params.json D:\liber-probe\text-engine\bench\rust-rust-bench-index-20mb-gbk-3.json
exit=0 wall=0.38s
{"phase":"rust-bench-index","encoding":"GBK","bytes":21225732,"code_units":10711920,"anchors":641,"chapters":0,"elapsed_micros":346841,"baseline_rss_bytes":4071424,"peak_rss_bytes":7135232,"platform":"windows"}

$ D:\GithubRepositories\Flutter\liber-19\tool\text_engine_prototype\rust_bench\target\release\rust_bench.exe index D:\liber-probe\text-engine\bench\rust-rust-bench-index-20mb-utf8-1.params.json D:\liber-probe\text-engine\bench\rust-rust-bench-index-20mb-utf8-1.json
exit=0 wall=0.31s
{"phase":"rust-bench-index","encoding":"UTF-8","bytes":31739520,"code_units":10711920,"anchors":954,"chapters":0,"elapsed_micros":266305,"baseline_rss_bytes":4059136,"peak_rss_bytes":7028736,"platform":"windows"}

$ D:\GithubRepositories\Flutter\liber-19\tool\text_engine_prototype\rust_bench\target\release\rust_bench.exe index D:\liber-probe\text-engine\bench\rust-rust-bench-index-20mb-utf8-2.params.json D:\liber-probe\text-engine\bench\rust-rust-bench-index-20mb-utf8-2.json
exit=0 wall=0.30s
{"phase":"rust-bench-index","encoding":"UTF-8","bytes":31739520,"code_units":10711920,"anchors":954,"chapters":0,"elapsed_micros":269487,"baseline_rss_bytes":4059136,"peak_rss_bytes":7024640,"platform":"windows"}

$ D:\GithubRepositories\Flutter\liber-19\tool\text_engine_prototype\rust_bench\target\release\rust_bench.exe index D:\liber-probe\text-engine\bench\rust-rust-bench-index-20mb-utf8-3.params.json D:\liber-probe\text-engine\bench\rust-rust-bench-index-20mb-utf8-3.json
exit=0 wall=0.31s
{"phase":"rust-bench-index","encoding":"UTF-8","bytes":31739520,"code_units":10711920,"anchors":954,"chapters":0,"elapsed_micros":272321,"baseline_rss_bytes":4063232,"peak_rss_bytes":7114752,"platform":"windows"}

$ D:\GithubRepositories\Flutter\liber-19\tool\text_engine_prototype\rust_bench\target\release\rust_bench.exe window D:\liber-probe\text-engine\bench\rust-rust-bench-window-500mb-1.params.json D:\liber-probe\text-engine\bench\rust-rust-bench-window-500mb-1.json
exit=0 wall=0.04s
{"phase":"rust-bench-window","code_units":20000,"at_end":false,"line_index":1250000,"elapsed_micros":2018,"baseline_rss_bytes":4063232,"peak_rss_bytes":5414912,"platform":"windows"}

$ D:\GithubRepositories\Flutter\liber-19\tool\text_engine_prototype\rust_bench\target\release\rust_bench.exe window D:\liber-probe\text-engine\bench\rust-rust-bench-window-500mb-2.params.json D:\liber-probe\text-engine\bench\rust-rust-bench-window-500mb-2.json
exit=0 wall=0.04s
{"phase":"rust-bench-window","code_units":20000,"at_end":false,"line_index":1250000,"elapsed_micros":1821,"baseline_rss_bytes":4059136,"peak_rss_bytes":5419008,"platform":"windows"}

$ D:\GithubRepositories\Flutter\liber-19\tool\text_engine_prototype\rust_bench\target\release\rust_bench.exe window D:\liber-probe\text-engine\bench\rust-rust-bench-window-500mb-3.params.json D:\liber-probe\text-engine\bench\rust-rust-bench-window-500mb-3.json
exit=0 wall=0.04s
{"phase":"rust-bench-window","code_units":20000,"at_end":false,"line_index":1250000,"elapsed_micros":1863,"baseline_rss_bytes":4063232,"peak_rss_bytes":5423104,"platform":"windows"}

$ D:\GithubRepositories\Flutter\liber-19\tool\text_engine_prototype\rust_bench\target\release\rust_bench.exe window D:\liber-probe\text-engine\bench\rust-rust-bench-window-20mb-gbk-1.params.json D:\liber-probe\text-engine\bench\rust-rust-bench-window-20mb-gbk-1.json
exit=0 wall=0.06s
{"phase":"rust-bench-window","code_units":20000,"at_end":false,"line_index":30257,"elapsed_micros":985,"baseline_rss_bytes":4042752,"peak_rss_bytes":4681728,"platform":"windows"}

$ D:\GithubRepositories\Flutter\liber-19\tool\text_engine_prototype\rust_bench\target\release\rust_bench.exe window D:\liber-probe\text-engine\bench\rust-rust-bench-window-20mb-gbk-2.params.json D:\liber-probe\text-engine\bench\rust-rust-bench-window-20mb-gbk-2.json
exit=0 wall=0.04s
{"phase":"rust-bench-window","code_units":20000,"at_end":false,"line_index":30257,"elapsed_micros":908,"baseline_rss_bytes":4067328,"peak_rss_bytes":4706304,"platform":"windows"}

$ D:\GithubRepositories\Flutter\liber-19\tool\text_engine_prototype\rust_bench\target\release\rust_bench.exe window D:\liber-probe\text-engine\bench\rust-rust-bench-window-20mb-gbk-3.params.json D:\liber-probe\text-engine\bench\rust-rust-bench-window-20mb-gbk-3.json
exit=0 wall=0.04s
{"phase":"rust-bench-window","code_units":20000,"at_end":false,"line_index":30257,"elapsed_micros":903,"baseline_rss_bytes":4055040,"peak_rss_bytes":4689920,"platform":"windows"}

$ D:\GithubRepositories\Flutter\liber-19\tool\text_engine_prototype\rust_bench\target\release\rust_bench.exe convert D:\liber-probe\text-engine\bench\rust-rust-bench-convert-1.params.json D:\liber-probe\text-engine\bench\rust-rust-bench-convert-1.json
exit=0 wall=0.23s
{"phase":"rust-bench-convert","t2s_code_units":999881,"s2t_code_units":999329,"t2s_micros":39671,"s2t_micros":131012,"t2s_changed":1,"s2t_changed":1,"elapsed_micros":187484,"baseline_rss_bytes":4055040,"peak_rss_bytes":27320320,"platform":"windows"}

$ D:\GithubRepositories\Flutter\liber-19\tool\text_engine_prototype\rust_bench\target\release\rust_bench.exe convert D:\liber-probe\text-engine\bench\rust-rust-bench-convert-2.params.json D:\liber-probe\text-engine\bench\rust-rust-bench-convert-2.json
exit=0 wall=0.21s
{"phase":"rust-bench-convert","t2s_code_units":999881,"s2t_code_units":999329,"t2s_micros":36644,"s2t_micros":128099,"t2s_changed":1,"s2t_changed":1,"elapsed_micros":178198,"baseline_rss_bytes":4075520,"peak_rss_bytes":27197440,"platform":"windows"}

$ D:\GithubRepositories\Flutter\liber-19\tool\text_engine_prototype\rust_bench\target\release\rust_bench.exe convert D:\liber-probe\text-engine\bench\rust-rust-bench-convert-3.params.json D:\liber-probe\text-engine\bench\rust-rust-bench-convert-3.json
exit=0 wall=0.21s
{"phase":"rust-bench-convert","t2s_code_units":999881,"s2t_code_units":999329,"t2s_micros":38747,"s2t_micros":125310,"t2s_changed":1,"s2t_changed":1,"elapsed_micros":177248,"baseline_rss_bytes":4063232,"peak_rss_bytes":26976256,"platform":"windows"}

$ C:\Users\17945\fvm\default\bin\dart.BAT run D:\GithubRepositories\Flutter\liber-19\tool\text_engine_prototype\text_engine_bench.dart D:\GithubRepositories\Flutter\liber-19\packages\fjs\libfjs\target\release\fjs.dll dart-index D:\liber-probe\text-engine\bench\dart-index-big.params.json D:\liber-probe\text-engine\bench\dart-index-big.json
exit=0 wall=16.07s
{"phase":"dart-index","bytes":524290200,"code_units":176232000,"lines":2202900,"anchors":15964,"elapsed_micros":11569830,"baseline_rss_bytes":258211840,"peak_rss_bytes":279392256,"platform":"windows"}
stderr: Running build hooks...Running build hooks...
$ C:\Users\17945\fvm\default\bin\dart.BAT run D:\GithubRepositories\Flutter\liber-19\tool\text_engine_prototype\text_engine_bench.dart D:\GithubRepositories\Flutter\liber-19\packages\fjs\libfjs\target\release\fjs.dll dart-index D:\liber-probe\text-engine\bench\dart-index-20utf8.params.json D:\liber-probe\text-engine\bench\dart-index-20utf8.json
exit=0 wall=8.73s
{"phase":"dart-index","bytes":31739520,"code_units":10711920,"lines":64213,"anchors":954,"elapsed_micros":665872,"baseline_rss_bytes":281686016,"peak_rss_bytes":284246016,"platform":"windows"}
stderr: Running build hooks...Running build hooks...
$ C:\Users\17945\fvm\default\bin\dart.BAT run D:\GithubRepositories\Flutter\liber-19\tool\text_engine_prototype\text_engine_bench.dart D:\GithubRepositories\Flutter\liber-19\packages\fjs\libfjs\target\release\fjs.dll dart-bytes D:\liber-probe\text-engine\bench\dart-bytes-20gbk.params.json D:\liber-probe\text-engine\bench\dart-bytes-20gbk.json
exit=0 wall=7.49s
{"phase":"dart-bytes","bytes":21225732,"lines":64212,"anchors":641,"elapsed_micros":34342,"baseline_rss_bytes":281006080,"peak_rss_bytes":282275840,"platform":"windows"}
stderr: Running build hooks...Running build hooks...
$ C:\Users\17945\fvm\default\bin\dart.BAT run D:\GithubRepositories\Flutter\liber-19\tool\text_engine_prototype\text_engine_bench.dart D:\GithubRepositories\Flutter\liber-19\packages\fjs\libfjs\target\release\fjs.dll dart-decode D:\liber-probe\text-engine\bench\dart-decode-20gbk.params.json D:\liber-probe\text-engine\bench\dart-decode-20gbk.json
exit=0 wall=5.15s
{"phase":"dart-decode","code_units":17489568,"replacement_characters":13085856,"elapsed_micros":777675,"baseline_rss_bytes":250503168,"peak_rss_bytes":347222016,"platform":"windows"}
stderr: Running build hooks...Running build hooks...
$ C:\Users\17945\fvm\default\bin\dart.BAT run D:\GithubRepositories\Flutter\liber-19\tool\text_engine_prototype\text_engine_bench.dart D:\GithubRepositories\Flutter\liber-19\packages\fjs\libfjs\target\release\fjs.dll dart-read-string D:\liber-probe\text-engine\bench\dart-read-string-20gbk.params.json D:\liber-probe\text-engine\bench\dart-read-string-20gbk.json
exit=0 wall=4.73s
{"phase":"dart-read-string","error":"FileSystemException: Failed to decode data using encoding 'utf-8', path = 'D:\\liber-probe\\text-engine\\engine-20mb-gbk.txt'","elapsed_micros":0,"baseline_rss_bytes":258482176,"peak_rss_bytes":294023168,"platform":"windows"}
stderr: Running build hooks...Running build hooks...
$ C:\Users\17945\fvm\default\bin\dart.BAT run D:\GithubRepositories\Flutter\liber-19\tool\text_engine_prototype\text_engine_bench.dart D:\GithubRepositories\Flutter\liber-19\packages\fjs\libfjs\target\release\fjs.dll dart-read-string D:\liber-probe\text-engine\bench\dart-read-string-big.params.json D:\liber-probe\text-engine\bench\dart-read-string-big.json
exit=0 wall=7.05s
{"phase":"dart-read-string","code_units":176232000,"lines":2202900,"elapsed_micros":2796746,"baseline_rss_bytes":253620224,"peak_rss_bytes":1110761472,"platform":"windows"}
stderr: Running build hooks...Running build hooks...
$ C:\Users\17945\fvm\default\bin\dart.BAT run D:\GithubRepositories\Flutter\liber-19\tool\text_engine_prototype\text_engine_bench.dart D:\GithubRepositories\Flutter\liber-19\packages\fjs\libfjs\target\release\fjs.dll rust-index D:\liber-probe\text-engine\bench\release-index-big.params.json D:\liber-probe\text-engine\bench\release-index-big.json
exit=0 wall=4.66s
{"phase":"rust-index","encoding":"UTF-8","bytes":524290200,"code_units":176232000,"anchors":15964,"chapters":0,"ignored_rules":0,"elapsed_micros":924731,"baseline_rss_bytes":257785856,"peak_rss_bytes":283414528,"platform":"windows"}
stderr: Running build hooks...Running build hooks...
$ C:\Users\17945\fvm\default\bin\dart.BAT run D:\GithubRepositories\Flutter\liber-19\tool\text_engine_prototype\text_engine_bench.dart D:\GithubRepositories\Flutter\liber-19\packages\fjs\libfjs\target\release\fjs.dll rust-index D:\liber-probe\text-engine\bench\release-index-20gbk.params.json D:\liber-probe\text-engine\bench\release-index-20gbk.json
exit=0 wall=4.30s
{"phase":"rust-index","encoding":"GBK","bytes":21225732,"code_units":10711920,"anchors":641,"chapters":0,"ignored_rules":0,"elapsed_micros":651645,"baseline_rss_bytes":259899392,"peak_rss_bytes":283852800,"platform":"windows"}
stderr: Running build hooks...Running build hooks...
$ C:\Users\17945\fvm\default\bin\dart.BAT run D:\GithubRepositories\Flutter\liber-19\tool\text_engine_prototype\text_engine_bench.dart D:\GithubRepositories\Flutter\liber-19\packages\fjs\libfjs\target\release\fjs.dll rust-window D:\liber-probe\text-engine\bench\release-window-big.params.json D:\liber-probe\text-engine\bench\release-window-big.json
exit=0 wall=3.20s
stderr: Running build hooks...Running build hooks...
$ C:\Users\17945\fvm\default\bin\dart.BAT run D:\GithubRepositories\Flutter\liber-19\tool\text_engine_prototype\text_engine_bench.dart D:\GithubRepositories\Flutter\liber-19\packages\fjs\libfjs\target\release\fjs.dll rust-window D:\liber-probe\text-engine\bench\release-window-20gbk.params.json D:\liber-probe\text-engine\bench\release-window-20gbk.json
exit=0 wall=3.51s
stderr: Running build hooks...Running build hooks...
$ C:\Users\17945\fvm\default\bin\dart.BAT run D:\GithubRepositories\Flutter\liber-19\tool\text_engine_prototype\text_engine_bench.dart D:\GithubRepositories\Flutter\liber-19\packages\fjs\libfjs\target\release\fjs.dll rust-convert D:\liber-probe\text-engine\bench\release-convert.params.json D:\liber-probe\text-engine\bench\release-convert.json
exit=0 wall=4.28s
{"phase":"rust-convert","t2s_code_units":999881,"s2t_code_units":999329,"t2s_micros":105368,"s2t_micros":189879,"t2s_changed":1,"s2t_changed":1,"elapsed_micros":296387,"baseline_rss_bytes":280834048,"peak_rss_bytes":290459648,"platform":"windows"}
stderr: Running build hooks...Running build hooks...
$ C:\Users\17945\fvm\default\bin\dart.BAT run D:\GithubRepositories\Flutter\liber-19\tool\text_engine_prototype\text_engine_bench.dart D:\GithubRepositories\Flutter\liber-19\packages\fjs\libfjs\target\debug\fjs.dll rust-index D:\liber-probe\text-engine\bench\debug-index-big.params.json D:\liber-probe\text-engine\bench\debug-index-big.json
exit=0 wall=13.62s
{"phase":"rust-index","encoding":"UTF-8","bytes":524290200,"code_units":176232000,"anchors":15964,"chapters":0,"ignored_rules":0,"elapsed_micros":9994956,"baseline_rss_bytes":255381504,"peak_rss_bytes":281899008,"platform":"windows"}
stderr: Running build hooks...Running build hooks...
$ C:\Users\17945\fvm\default\bin\dart.BAT run D:\GithubRepositories\Flutter\liber-19\tool\text_engine_prototype\text_engine_bench.dart D:\GithubRepositories\Flutter\liber-19\packages\fjs\libfjs\target\debug\fjs.dll rust-index D:\liber-probe\text-engine\bench\debug-index-20gbk.params.json D:\liber-probe\text-engine\bench\debug-index-20gbk.json
exit=0 wall=7.09s
{"phase":"rust-index","encoding":"GBK","bytes":21225732,"code_units":10711920,"anchors":641,"chapters":0,"ignored_rules":0,"elapsed_micros":3419523,"baseline_rss_bytes":258666496,"peak_rss_bytes":282267648,"platform":"windows"}
stderr: Running build hooks...Running build hooks...
$ C:\Users\17945\fvm\default\bin\dart.BAT run D:\GithubRepositories\Flutter\liber-19\tool\text_engine_prototype\text_engine_bench.dart D:\GithubRepositories\Flutter\liber-19\packages\fjs\libfjs\target\debug\fjs.dll rust-window D:\liber-probe\text-engine\bench\debug-window-big.params.json D:\liber-probe\text-engine\bench\debug-window-big.json
exit=0 wall=3.64s
stderr: Running build hooks...Running build hooks...
$ C:\Users\17945\fvm\default\bin\dart.BAT run D:\GithubRepositories\Flutter\liber-19\tool\text_engine_prototype\text_engine_bench.dart D:\GithubRepositories\Flutter\liber-19\packages\fjs\libfjs\target\debug\fjs.dll rust-window D:\liber-probe\text-engine\bench\debug-window-20gbk.params.json D:\liber-probe\text-engine\bench\debug-window-20gbk.json
exit=0 wall=5.11s
stderr: Running build hooks...Running build hooks...
$ C:\Users\17945\fvm\default\bin\dart.BAT run D:\GithubRepositories\Flutter\liber-19\tool\text_engine_prototype\text_engine_bench.dart D:\GithubRepositories\Flutter\liber-19\packages\fjs\libfjs\target\debug\fjs.dll rust-convert D:\liber-probe\text-engine\bench\debug-convert.params.json D:\liber-probe\text-engine\bench\debug-convert.json
exit=0 wall=6.33s
{"phase":"rust-convert","t2s_code_units":999881,"s2t_code_units":999329,"t2s_micros":754674,"s2t_micros":1106664,"t2s_changed":1,"s2t_changed":1,"elapsed_micros":1862560,"baseline_rss_bytes":251924480,"peak_rss_bytes":294055936,"platform":"windows"}
stderr: Running build hooks...Running build hooks...
