[2026-08-22T10:16:36Z] DESTINATION-RUN-BEGIN
Flutter assets will be downloaded from https://mirrors.cloud.tencent.com/flutter. Make sure you trust this source!Running Gradle task 'assembleDebug'...                             18.7s✓ Built build\app\outputs\flutter-apk\app-debug.apkAPK_SHA256_BEFORE=f88753ff3b717bc008145a905829e824c54d7b698012a7b5e4a1ac17bf227004
[2026-08-22T10:17:00Z] RUN WV-01 APK_SHA256=f88753ff3b717bc008145a905829e824c54d7b698012a7b5e4a1ac17bf227004
  verdict=match status=0 APK_SHA256=f88753ff3b717bc008145a905829e824c54d7b698012a7b5e4a1ac17bf227004
[2026-08-22T10:17:23Z] RUN WV-02 APK_SHA256=f88753ff3b717bc008145a905829e824c54d7b698012a7b5e4a1ac17bf227004
  verdict=match status=0 APK_SHA256=f88753ff3b717bc008145a905829e824c54d7b698012a7b5e4a1ac17bf227004
[2026-08-22T10:17:45Z] RUN WV-03 APK_SHA256=f88753ff3b717bc008145a905829e824c54d7b698012a7b5e4a1ac17bf227004
  verdict=match status=0 APK_SHA256=f88753ff3b717bc008145a905829e824c54d7b698012a7b5e4a1ac17bf227004
[2026-08-22T10:18:07Z] RUN WV-04 APK_SHA256=f88753ff3b717bc008145a905829e824c54d7b698012a7b5e4a1ac17bf227004
  verdict=match status=0 APK_SHA256=f88753ff3b717bc008145a905829e824c54d7b698012a7b5e4a1ac17bf227004
[2026-08-22T10:18:29Z] RUN WV-05 APK_SHA256=f88753ff3b717bc008145a905829e824c54d7b698012a7b5e4a1ac17bf227004
  verdict=match-race-alternative status=0 APK_SHA256=f88753ff3b717bc008145a905829e824c54d7b698012a7b5e4a1ac17bf227004
[2026-08-22T10:18:52Z] RUN WV-06 APK_SHA256=f88753ff3b717bc008145a905829e824c54d7b698012a7b5e4a1ac17bf227004
  verdict=match status=0 APK_SHA256=f88753ff3b717bc008145a905829e824c54d7b698012a7b5e4a1ac17bf227004
[2026-08-22T10:19:14Z] RUN WV-07 APK_SHA256=f88753ff3b717bc008145a905829e824c54d7b698012a7b5e4a1ac17bf227004
  verdict=match status=0 APK_SHA256=f88753ff3b717bc008145a905829e824c54d7b698012a7b5e4a1ac17bf227004
[2026-08-22T10:20:17Z] RUN WV-08 APK_SHA256=f88753ff3b717bc008145a905829e824c54d7b698012a7b5e4a1ac17bf227004
  verdict=match status=0 APK_SHA256=f88753ff3b717bc008145a905829e824c54d7b698012a7b5e4a1ac17bf227004
[2026-08-22T10:20:59Z] RUN WV-09 APK_SHA256=f88753ff3b717bc008145a905829e824c54d7b698012a7b5e4a1ac17bf227004
  verdict=match status=0 APK_SHA256=f88753ff3b717bc008145a905829e824c54d7b698012a7b5e4a1ac17bf227004
[2026-08-22T10:22:03Z] RUN WV-10 APK_SHA256=f88753ff3b717bc008145a905829e824c54d7b698012a7b5e4a1ac17bf227004
  verdict=match status=0 APK_SHA256=f88753ff3b717bc008145a905829e824c54d7b698012a7b5e4a1ac17bf227004
[2026-08-22T10:23:47Z] RUN WV-11 APK_SHA256=f88753ff3b717bc008145a905829e824c54d7b698012a7b5e4a1ac17bf227004
  verdict=match status=0 APK_SHA256=f88753ff3b717bc008145a905829e824c54d7b698012a7b5e4a1ac17bf227004
[2026-08-22T10:24:31Z] RUN WV-12 APK_SHA256=f88753ff3b717bc008145a905829e824c54d7b698012a7b5e4a1ac17bf227004
  verdict=match status=0 APK_SHA256=f88753ff3b717bc008145a905829e824c54d7b698012a7b5e4a1ac17bf227004
[2026-08-22T10:25:14Z] RUN WV-13 APK_SHA256=f88753ff3b717bc008145a905829e824c54d7b698012a7b5e4a1ac17bf227004
  verdict=match status=0 APK_SHA256=f88753ff3b717bc008145a905829e824c54d7b698012a7b5e4a1ac17bf227004
[2026-08-22T10:25:58Z] RUN WV-14 APK_SHA256=f88753ff3b717bc008145a905829e824c54d7b698012a7b5e4a1ac17bf227004
  verdict=policy-rejected status=0 APK_SHA256=f88753ff3b717bc008145a905829e824c54d7b698012a7b5e4a1ac17bf227004
APK_SHA256_AFTER=f88753ff3b717bc008145a905829e824c54d7b698012a7b5e4a1ac17bf227004
[2026-08-22T10:26:22Z] DESTINATION-RUN-COMPLETE
destination verification: 12 match, 1 match against a declared race alternative, 1 policy-rejected
