5c7e99a2addfbcaf0988bff97b4d57f0d54bfd955aea16b347dd4532b5bc2e75  databases/google_app_measurement_local.db
076a27c79e5ace2a3d47f9dd2e83e4ff6ea8872b3c2218f66c92b89b55f36560  databases/google_app_measurement_local.db-journal
5499c7754c7827a5466dd7f3e1488428b4fd11145348d213db14aa8c41b8e6b6  databases/legado.db
1c6184cabf7d7dfeaf74047e79527d565f187e1458e9466bad7d9a3d88ec6d09  databases/legado.db-wal
004cf86e824e0a45e3ee813fa49499f2017f46e8890221f2de4dcd2c6096ca38  databases/legado.db-shm
27a88983b50a9a76e26fab061f1703bbf85ac8098edd25376ec83a728b66f86a  shared_prefs/FirebaseHeartBeatW0RFRkFVTFRd+MTo0NTMzOTIyNzQ3OTA6YW5kcm9pZDpjNGVhYzE0YjE0MTBlZWM1ZjYyNGE3.xml
03830c79399bbbe2e562e14350d3a8a5e9a65466c5d7c91b2fb4839914daf7ef  shared_prefs/WebViewChromiumPrefs.xml
a24905f62439a6ec8e169f65493d73ee851139d04ffefa0b7da34e15ebdce2a2  shared_prefs/com.google.android.gms.measurement.prefs.xml
99dfe09c6afc42328f25dbf67f4572c6c9134bdf801d5428370b769da7aad414  shared_prefs/local.xml
a5dcf402ba6b4a6eb7644ebcc82e592194b18f265624427ca4f18a59c45ca4dc  shared_prefs/AwOriginVisitLoggerPrefs.xml
31352b2e31e6587727dc806483a577bd058847adeb053ce3422a71d3674dac2c  files/phenotype/shared/com.google.android.gms.measurement#io.legado.app.debug.pb
e3b0c44298fc1c149afbf4c8996fb92427ae41e4649b934ca495991b7852b855  files/generatefid.lock
047d6f826e2bca17ed46925f78f0175e0eddd94d226f69268a99f75ff3d1d726  files/PersistedInstallation.W0RFRkFVTFRd+MTo0NTMzOTIyNzQ3OTA6YW5kcm9pZDpjNGVhYzE0YjE0MTBlZWM1ZjYyNGE3.json
fbcfe23a2ecb82b7100c50811691dde0a33aa3da8d176be9882a9db485dc0f2d  cache/WebView/Default/HTTP Cache/Code Cache/js/index
dbef2f48493251a3d38e4a7ef6777de0c0e5dfc0738098929ce99ae61b9d8e4b  cache/WebView/Default/HTTP Cache/Code Cache/js/index-dir/the-real-index
fbcfe23a2ecb82b7100c50811691dde0a33aa3da8d176be9882a9db485dc0f2d  cache/WebView/Default/HTTP Cache/Code Cache/wasm/index
dbef2f48493251a3d38e4a7ef6777de0c0e5dfc0738098929ce99ae61b9d8e4b  cache/WebView/Default/HTTP Cache/Code Cache/wasm/index-dir/the-real-index
fbcfe23a2ecb82b7100c50811691dde0a33aa3da8d176be9882a9db485dc0f2d  cache/WebView/Default/HTTP Cache/Cache_Data/index
1fc8e8ab719bdcc1197c6bd76d35c0b30148c6cd17dee2edc852f33003ae8de7  cache/WebView/Default/HTTP Cache/Cache_Data/ccae4c2a471a9c2f_0
13d04dc26c9cd14f72e21699ece53eec0a562edf2e30bf46603e38d74d9fd223  cache/WebView/Default/HTTP Cache/Cache_Data/index-dir/the-real-index
3c6c62bc1de1b7f09e9ea1dd64974da113d64dd4a8dd276c17f43a9704150606  cache/WebView/Default/HTTP Cache/Cache_Data/8fb076b5245e8768_0
9c169428d852e25bd59b27652ed533d2a1f09f96e4c329fa5e06f47e16731543  cache/WebView/Default/HTTP Cache/No_Vary_Search/journal.baj
0c2dd377ed0cc66161e9db8f89f7d8bcb3ad8c06c4a054bdcba214ab05f58c9a  cache/WebView/Default/HTTP Cache/No_Vary_Search/snapshot.baf
ff473fb43550525fd44446122aef3ab171492c03a3ec80d5cdf9ff93682bd3ad  cache/WebView/font_unique_name_table.pb
ff20a0f7739fde5bf865afc25693313f710d72863167637831cf64960ef8f667  cache/Crash Reports/ANR Variations/acc177545c53dcdeb924c7636f536a6a
67f1c223ed846cf1510334f2533160a1dc265143f6b7a8bbfd9e77b4b7c1133e  cache/Crash Reports/ANR Variations/68f4202e23ae68252fda445eac831ecb
d8409cf010dac7db37f58eaee7ba1afb24b9cb4b27bbf7ebc90bd8877fd75d1b  cache/Crash Reports/ANR Variations/27b0e1396609cef72f52cec2583446c6
66f6a9ac4b6c3797f63d5cf3b7875c1fba37c406f269b1697eadd52a1fdc7a56  cache/Crash Reports/ANR Variations/2b093b2e32ec76f128ef5105b7c91450
c468c3f48d86ad235bea36dabd95f09473b8ce418631d4556eeb11c944356403  cache/Crash Reports/ANR Variations/121dc08c96544db55a94353903196000
e3b0c44298fc1c149afbf4c8996fb92427ae41e4649b934ca495991b7852b855  cache/legado.db.lck
