
thread 'tokio-rt-worker' (47628) panicked at src\frb_generated.rs:2343:39:
Dart throws exception but Rust side assume it is not failable: Bad state: test-cancel-failure

#0      main.<anonymous closure> (file:///D:/GithubRepositories/Flutter/liber/tool/broker_gate_regression.dart:165:35)
#1      LibFjsApiImpl.encode_DartFn_Inputs_u_64_Output_unit_AnyhowException.<anonymous closure> (package:fjs/src/frb/frb_generated.dart:4479:46)
#2      Function._apply (dart:core-patch/function_patch.dart:11:71)
#3      Function.apply (dart:core-patch/function_patch.dart:38:12)
#4      BaseHandler.dartFnInvoke (package:flutter_rust_bridge/src/main_components/handler.dart:48:14)
#5      DartHandlerPortManager.onData (package:flutter_rust_bridge/src/main_components/port_manager.dart:44:18)
#6      _RootZone.runUnaryGuarded (dart:async/zone.dart:891:10)
#7      _BufferingStreamSubscription._sendData (dart:async/stream_impl.dart:381:11)
#8      _BufferingStreamSubscription._add (dart:async/stream_impl.dart:312:7)
#9      _SyncStreamControllerDispatch._sendData (dart:async/stream_controller.dart:798:19)
#10     _StreamController._add (dart:async/stream_controller.dart:663:7)
#11     _StreamController.add (dart:async/stream_controller.dart:618:5)
#12     _RawReceivePort._handleMessage (dart:isolate-patch/isolate_patch.dart:192:12)


Stack backtrace:
   0: <unknown>
   1: <unknown>
   2: <unknown>
   3: <unknown>
   4: <unknown>
   5: <unknown>
   6: <unknown>
   7: <unknown>
   8: <unknown>
   9: <unknown>
  10: <unknown>
  11: <unknown>
  12: <unknown>
  13: <unknown>
  14: <unknown>
  15: <unknown>
  16: <unknown>
  17: <unknown>
  18: <unknown>
  19: <unknown>
  20: <unknown>
  21: <unknown>
  22: <unknown>
  23: <unknown>
  24: <unknown>
  25: <unknown>
  26: <unknown>
  27: <unknown>
  28: <unknown>
  29: <unknown>
  30: <unknown>
  31: <unknown>
  32: <unknown>
  33: <unknown>
  34: <unknown>
  35: <unknown>
  36: <unknown>
  37: <unknown>
  38: <unknown>
  39: <unknown>
  40: <unknown>
  41: <unknown>
  42: <unknown>
  43: <unknown>
  44: <unknown>
  45: <unknown>
  46: <unknown>
  47: <unknown>
  48: <unknown>
  49: <unknown>
  50: <unknown>
  51: <unknown>
  52: <unknown>
  53: <unknown>
  54: <unknown>
  55: <unknown>
  56: <unknown>
  57: <unknown>
  58: <unknown>
  59: <unknown>
  60: <unknown>
  61: <unknown>
  62: <unknown>
  63: <unknown>
  64: <unknown>
  65: <unknown>
  66: <unknown>
  67: <unknown>
  68: <unknown>
  69: <unknown>
  70: <unknown>
  71: <unknown>
  72: <unknown>
  73: <unknown>
  74: <unknown>
  75: <unknown>
  76: <unknown>
  77: <unknown>
  78: BaseThreadInitThunk
  79: RtlUserThreadStart
stack backtrace:
note: Some details are omitted, run with `RUST_BACKTRACE=full` for a verbose backtrace.
{"case":"throw-cancel","pass":true,"result":"Cancelled: JavaScript engine was closed","closeError":"Bridge error: Host cancellation callback failed after runtime shutdown"}
