# SLICE-01 frozen four-stage oracle run (ticket #38), recorded 2026-09-18 by the batch-7 lane.
#
# This is a curated transcript, not a verbatim terminal capture. It preserves the
# commands, identities and result lines needed to reproduce and audit the run;
# PowerShell colour codes, locale warnings and unrelated build chatter are omitted.
# The manifest beside this file records that the log is curated.
#
# The corpus asset inside the harness is the committed blob byte for byte (LF).

== target identity ==
$ adb -s 5615f742 devices -l
List of devices attached
5615f742               device product:myron model:25102RKBEC device:myron transport_id:1

$ adb -s 5615f742 shell getprop ro.build.fingerprint
Redmi/myron/myron:17/CP2A.260605.016/OS4.0.0.31.XPMCNXM:user/release-keys
$ adb -s 5615f742 shell getprop ro.build.version.release
17
$ adb -s 5615f742 shell getprop ro.build.version.sdk
37
$ adb -s 5615f742 shell getprop ro.product.model
25102RKBEC
$ adb -s 5615f742 shell dumpsys package com.google.android.webview | awk "/versionName=/{print; exit}"
    versionName=154.0.8037.22
$ adb -s 5615f742 shell pm path io.legado.app.debug
package:/data/app/~~OMz2CGFQ225zN8cVbjJSRg==/io.legado.app.debug--TZKSBzY-SGdZhcCC9KTkw==/base.apk

== harness build (Temurin 17.0.20+8, build-tools 35.0.1) ==
$ pwsh tool/nested_oracle/build.ps1 -OutputDirectory C:/Users/17945/.cache/wayfinder/slice-oracle-final-1789724082 -JavaHome C:/Users/17945/.cache/wayfinder/temurin-17/jdk-17.0.20+8
SHA256          245FD04372E158F9A8005813AC648F1C9FE82E643E1C4537224EDEBB32DEA0FC       C:\Users\17945\.cache\wayfinder\slice-oracle-final-1789724082\nested-oracle.apk
apk sha256: 245fd04372e158f9a8005813ac648f1c9fe82e643e1c4537224edebb32dea0fc
corpus asset sha256: 03b013304efa90be2328014bdde0b9081957aac634a9c01b86bb1bd3bfade419
committed corpus blob: 03b013304efa90be2328014bdde0b9081957aac634a9c01b86bb1bd3bfade419

== install and run ==
$ MSYS_NO_PATHCONV=1 adb -s 5615f742 install -r -t C:/Users/17945/.cache/wayfinder/slice-oracle-final-1789724082/nested-oracle.apk
Performing Incremental Install
Success
Install command complete in 432 ms
$ MSYS_NO_PATHCONV=1 adb -s 5615f742 logcat -c
$ timeout 120 adb -s 5615f742 shell am instrument -w -r io.liber.oracle.nested/io.liber.oracle.nested.SliceOracle
INSTRUMENTATION_RESULT: stream=Slice oracle recorded 6 requests

INSTRUMENTATION_CODE: -1
$ adb -s 5615f742 logcat -d -s SliceOracle | grep -E "frozen entry|report written|report rewritten"
09-18 17:35:02.400 I SliceOracle: frozen entry searchBookAwait on io.legado.app.model.webBook.WebBook
09-18 17:35:02.677 I SliceOracle: frozen entry getBookInfoAwait on io.legado.app.model.webBook.WebBook
09-18 17:35:02.698 I SliceOracle: frozen entry getChapterListAwait-BWLJW6A on io.legado.app.model.webBook.WebBook
09-18 17:35:02.731 I SliceOracle: frozen entry getContentAwait on io.legado.app.model.webBook.WebBook
09-18 17:35:02.766 I SliceOracle: report written; failure=null
09-18 17:35:02.772 I SliceOracle: report rewritten with cleanup={"openConnections":1,"serverClosed":true}
$ MSYS_NO_PATHCONV=1 adb -s 5615f742 pull /sdcard/Android/data/io.legado.app.debug/files/slice-oracle.json C:/Users/17945/.cache/wayfinder/slice-oracle-final-1789724082/slice-oracle.json
/sdcard/Android/data/io.legado.app.debug/files/slice-oracle.json: 1 file pulled, 0 skipped. 2.2 MB/s (6584 bytes in 0.003s)

== evidence ==
golden sha256: 4a67d3b34c6b24f18f1b42a3337745f4b271ad14008f35f9e0ded93dda1dd505
cleanup: {"openConnections":1,"serverClosed":true}
$ MSYS_NO_PATHCONV=1 adb -s 5615f742 shell am instrument -w -r io.liber.oracle.nested/io.liber.oracle.nested.SliceOracle
INSTRUMENTATION_RESULT: stream=Slice oracle recorded 6 requests
$ MSYS_NO_PATHCONV=1 adb -s 5615f742 pull /sdcard/Android/data/io.legado.app.debug/files/slice-oracle.json C:/Users/17945/.cache/wayfinder/slice-oracle-final-1789724082/slice-oracle-repeat.json
repeat run to slice-oracle-repeat.json was byte-identical after dropping recordedAt

== comparison ==
# The comparator refuses to overwrite an existing report (it must not clobber
# committed evidence), so the committed report is removed first. Both command
# lines are exactly as run and work verbatim from the repository root.
$ rm -f tool/first_slice/evidence/android-17-os4.0.0.31/comparison.json
$ dart run tool/first_slice_compare.dart tool/first_slice/evidence/android-17-os4.0.0.31/golden.json tool/first_slice/evidence/windows-slice-01.liber.json tool/first_slice/evidence/android-17-os4.0.0.31/comparison.json

-- comparator output (exit 1: R8 did not pass) --
status: fail {'pass': 7, 'fail': 1, 'notCompared': 9}
  R2 pass - 6 requests on both sides
  R3 pass - every header on every request compared except the platform-generated names the contract ignores (accept-encoding, connection, content-length, host); source-set headers are never ignored
  R4 pass - sid=slice01: 5 of 6 requests carry it on both sides
  R5 pass - 2 results compared in order
  R6 pass - 6 shared fields compared
  R7 pass - 3 chapters over 2 pages on both sides
  R8 fail - the two texts are equal once the frozen reader's paragraph indent is removed from the frozen side; the row still fails as observed
  R9 pass - 6 declared requests matched on both sides
  divergence R8 content.text
notCompared: requests[].headers.accept-encoding, requests[].headers.connection, requests[].headers.host, stages.bookInfo.tocUrl, stages.toc.chapters[].url (as stored), requests[].body, state.*, cleanup.*, serverErrors, liber.scenario, liber.oracle, liber.fixturesPath/fixturesSha256, liber.libraryPath/librarySha256, platform, fingerprint, recordedAt

final evidence hashes:
4a67d3b34c6b24f18f1b42a3337745f4b271ad14008f35f9e0ded93dda1dd505 *golden.json
1f52778dd301acf902c3d0dad4e212fcf617989aa69454af70c8210df7ef75e5 *comparison.json
